ASxxxx Linker V03.00 + NoICE + sdld,  page 1.
Hexadecimal  [32-Bits]

Area                                    Addr        Size        Decimal Bytes (Attributes)
--------------------------------        ----        ----        ------- ----- ------------
CABS                                00000000    00000000 =           0. bytes (ABS,CON,CODE)

      Value  Global                              Global Defined In Module
      -----  --------------------------------   ------------------------
C:   00000000  l_BIT_BANK                      
C:   00000000  l_CABS                          
C:   00000000  l_GSINIT                        
C:   00000000  l_GSINIT1                       
C:   00000000  l_GSINIT5                       
C:   00000000  l_IABS                          
C:   00000000  l_ISEG                          
C:   00000000  l_PSEG                          
C:   00000000  l_REG_BANK_1                    
C:   00000000  l_REG_BANK_2                    
C:   00000000  l_REG_BANK_3                    
C:   00000000  l_RSEG                          
C:   00000000  l_RSEG0                         
C:   00000000  l_RSEG1                         
C:   00000000  l_XABS                          
C:   00000000  l_XINIT                         
C:   00000000  l_XISEG                         
C:   00000000  l_XSEG                          
C:   00000000  l__CODE                         
C:   00000000  s_BSEG                          
C:   00000000  s_CABS                          
C:   00000000  s_DSEG                          
C:   00000000  s_HOME                          
C:   00000000  s_IABS                          
C:   00000000  s_ISEG                          
C:   00000000  s_PSEG                          
C:   00000000  s_REG_BANK_0                    
C:   00000000  s_RSEG                          
C:   00000000  s_RSEG0                         
C:   00000000  s_RSEG1                         
C:   00000000  s_XABS                          
C:   00000000  s_XISEG                         
C:   00000000  s_XSEG                          
C:   00000001  l_BSEG                          
C:   00000001  l_BSEG_BYTES                    
C:   00000002  l_OSEG                          
C:   00000003  l_GSFINAL                       
C:   00000003  l_GSINIT0                       
C:   00000008  l_HOME                          
C:   00000008  l_REG_BANK_0                    
C:   00000008  s_GSINIT0                       
C:   00000008  s_OSEG                          
C:   00000008  s_REG_BANK_1                    
C:   0000000A  l_GSINIT2                       
C:   0000000B  s_GSINIT1                       
C:   0000000B  s_GSINIT2                       
C:   00000010  s_REG_BANK_2                    
C:   00000015  s_GSINIT3                       
C:   00000018  s_BIT_BANK                      
C:   00000018  s_REG_BANK_3                    
ASxxxx Linker V03.00 + NoICE + sdld,  page 2.
Hexadecimal  [32-Bits]

Area                                    Addr        Size        Decimal Bytes (Attributes)
--------------------------------        ----        ----        ------- ----- ------------
CABS                                00000000    00000000 =           0. bytes (ABS,CON,CODE)

      Value  Global                              Global Defined In Module
      -----  --------------------------------   ------------------------
C:   00000020  s_BSEG_BYTES                    
C:   00000020  s__CODE                         
C:   00000022  l_GSINIT3                       
C:   0000002A  l_GSINIT4                       
C:   00000037  s_GSINIT4                       
C:   0000004B  s_SSEG                          
C:   00000061  s_GSFINAL                       
C:   00000061  s_GSINIT                        
C:   00000061  s_GSINIT5                       
C:   00000064  s_CSEG                          
C:   0000006A  l_DSEG                          
C:   000000B5  l_SSEG                          
C:   00000100  l_IRAM                          
C:   00000133  l_CONST                         
C:   000016F8  l_CSEG                          
C:   0000175C  s_CONST                         
C:   0000188F  s_XINIT                         

ASxxxx Linker V03.00 + NoICE + sdld,  page 3.
Hexadecimal  [32-Bits]

Area                                    Addr        Size        Decimal Bytes (Attributes)
--------------------------------        ----        ----        ------- ----- ------------
.  .ABS.                            00000000    00000000 =           0. bytes (ABS,CON)

      Value  Global                              Global Defined In Module
      -----  --------------------------------   ------------------------
     00000000  .__.ABS.                           _startup
     00000080  _P0                                main
     00000080  _P0_0                              main
     00000081  _P0_1                              main
     00000081  _SP                                main
     00000082  _DPL                               main
     00000082  _P0_2                              main
     00000083  _DPH                               main
     00000083  _P0_3                              main
     00000084  _P0_4                              main
     00000085  _P0_5                              main
     00000086  _P0_6                              main
     00000087  _P0_7                              main
     00000087  _PCON                              main
     00000088  _IT0                               main
     00000088  _TCON                              main
     00000089  _IE0                               main
     00000089  _TMOD                              main
     0000008A  _IT1                               main
     0000008A  _TL0                               main
     0000008B  _IE1                               main
     0000008B  _TL1                               main
     0000008C  _TH0                               main
     0000008C  _TR0                               main
     0000008D  _TF0                               main
     0000008D  _TH1                               main
     0000008E  _TR1                               main
     0000008F  _TF1                               main
     00000090  _P1                                main
     00000090  _P1_0                              main
     00000091  _P1_1                              main
     00000092  _P1_2                              main
     00000093  _P1_3                              main
     00000094  _P1_4                              main
     00000095  _P1_5                              main
     00000096  _P1_6                              main
     00000097  _P1_7                              main
     00000098  _RI                                main
     00000098  _SCON                              main
     00000099  _SBUF                              main
     00000099  _TI                                main
     0000009A  _RB8                               main
     0000009B  _TB8                               main
     0000009C  _REN                               main
     0000009D  _SM2                               main
     0000009E  _SM1                               main
     0000009F  _SM0                               main
     000000A0  _P2                                main
     000000A0  _P2_0                              main
     000000A0  __XPAGE                            
ASxxxx Linker V03.00 + NoICE + sdld,  page 4.
Hexadecimal  [32-Bits]

Area                                    Addr        Size        Decimal Bytes (Attributes)
--------------------------------        ----        ----        ------- ----- ------------
.  .ABS.                            00000000    00000000 =           0. bytes (ABS,CON)

      Value  Global                              Global Defined In Module
      -----  --------------------------------   ------------------------
     000000A1  _P2_1                              main
     000000A2  _P2_2                              main
     000000A3  _P2_3                              main
     000000A4  _P2_4                              main
     000000A5  _P2_5                              main
     000000A6  _P2_6                              main
     000000A7  _P2_7                              main
     000000A8  _EX0                               main
     000000A8  _IE                                main
     000000A9  _ET0                               main
     000000AA  _EX1                               main
     000000AB  _ET1                               main
     000000AC  _ES                                main
     000000AF  _EA                                main
     000000B0  _P3                                main
     000000B0  _P3_0                              main
     000000B0  _RXD                               main
     000000B1  _P3_1                              main
     000000B1  _TXD                               main
     000000B2  _INT0                              main
     000000B2  _P3_2                              main
     000000B3  _INT1                              main
     000000B3  _P3_3                              main
     000000B4  _P3_4                              main
     000000B4  _T0                                main
     000000B5  _P3_5                              main
     000000B5  _T1                                main
     000000B6  _P3_6                              main
     000000B6  _WR                                main
     000000B7  _P3_7                              main
     000000B7  _RD                                main
     000000B8  _IP                                main
     000000B8  _PX0                               main
     000000B9  _PT0                               main
     000000BA  _PX1                               main
     000000BB  _PT1                               main
     000000BC  _PS                                main
     000000D0  _P                                 main
     000000D0  _PSW                               main
     000000D1  _F1                                main
     000000D2  _OV                                main
     000000D3  _RS0                               main
     000000D4  _RS1                               main
     000000D5  _F0                                main
     000000D6  _AC                                main
     000000D7  _CY                                main
     000000E0  _ACC                               main
     000000F0  _B                                 main
     000000F5  _B_5                               _gptrget
     000000F6  _B_6                               _gptrget
     000000F7  _B_7                               _gptrget

ASxxxx Linker V03.00 + NoICE + sdld,  page 5.
Hexadecimal  [32-Bits]

Area                                    Addr        Size        Decimal Bytes (Attributes)
--------------------------------        ----        ----        ------- ----- ------------
BSEG_BYTES                          00000020    00000001 =           1. bytes (REL,CON)

      Value  Global                              Global Defined In Module
      -----  --------------------------------   ------------------------
ASxxxx Linker V03.00 + NoICE + sdld,  page 6.
Hexadecimal  [32-Bits]

Area                                    Addr        Size        Decimal Bytes (Attributes)
--------------------------------        ----        ----        ------- ----- ------------
REG_BANK_0                          00000000    00000008 =           8. bytes (REL,OVR)

      Value  Global                              Global Defined In Module
      -----  --------------------------------   ------------------------
ASxxxx Linker V03.00 + NoICE + sdld,  page 7.
Hexadecimal  [32-Bits]

Area                                    Addr        Size        Decimal Bytes (Attributes)
--------------------------------        ----        ----        ------- ----- ------------
DSEG                                00000000    0000006A =         106. bytes (REL,CON)

      Value  Global                              Global Defined In Module
      -----  --------------------------------   ------------------------
     00000021  _flag                              main
     00000027  _setCursorLcd_PARM_2               main
     00000029  _ReadValueFrom_PARM_2              main
     0000002B  _eepromWriteTo_PARM_2              main
     00000034  _RTC_settime_PARM_2                main
     00000035  _RTC_setdate_PARM_2                main
     00000036  _RTC_setdate_PARM_3                main
     0000003B  _getKeyHit_PARM_2                  main

ASxxxx Linker V03.00 + NoICE + sdld,  page 8.
Hexadecimal  [32-Bits]

Area                                    Addr        Size        Decimal Bytes (Attributes)
--------------------------------        ----        ----        ------- ----- ------------
OSEG                                00000008    00000002 =           2. bytes (REL,OVR)

      Value  Global                              Global Defined In Module
      -----  --------------------------------   ------------------------
     00000008  __divsint_PARM_2                   _divuint
     00000008  __divuint_PARM_2                   _divuint
     00000008  __modsint_PARM_2                   _moduint
     00000008  __moduint_PARM_2                   _moduint
     00000008  __mulint_PARM_2                    _mulint

ASxxxx Linker V03.00 + NoICE + sdld,  page 9.
Hexadecimal  [32-Bits]

Area                                    Addr        Size        Decimal Bytes (Attributes)
--------------------------------        ----        ----        ------- ----- ------------
SSEG                                0000004B    000000B5 =         181. bytes (REL,OVR)

      Value  Global                              Global Defined In Module
      -----  --------------------------------   ------------------------
     0000004B  __start__stack                     main

ASxxxx Linker V03.00 + NoICE + sdld,  page 10.
Hexadecimal  [32-Bits]

Area                                    Addr        Size        Decimal Bytes (Attributes)
--------------------------------        ----        ----        ------- ----- ------------
HOME                                00000000    00000008 =           8. bytes (REL,CON,CODE)

      Value  Global                              Global Defined In Module
      -----  --------------------------------   ------------------------
C:   00000003  __sdcc_program_startup             main

ASxxxx Linker V03.00 + NoICE + sdld,  page 11.
Hexadecimal  [32-Bits]

Area                                    Addr        Size        Decimal Bytes (Attributes)
--------------------------------        ----        ----        ------- ----- ------------
GSINIT0                             00000008    00000003 =           3. bytes (REL,CON,CODE)

      Value  Global                              Global Defined In Module
      -----  --------------------------------   ------------------------
C:   00000008  __sdcc_gsinit_startup              

ASxxxx Linker V03.00 + NoICE + sdld,  page 12.
Hexadecimal  [32-Bits]

Area                                    Addr        Size        Decimal Bytes (Attributes)
--------------------------------        ----        ----        ------- ----- ------------
GSINIT2                             0000000B    0000000A =          10. bytes (REL,CON,CODE)

      Value  Global                              Global Defined In Module
      -----  --------------------------------   ------------------------
ASxxxx Linker V03.00 + NoICE + sdld,  page 13.
Hexadecimal  [32-Bits]

Area                                    Addr        Size        Decimal Bytes (Attributes)
--------------------------------        ----        ----        ------- ----- ------------
GSINIT3                             00000015    00000022 =          34. bytes (REL,CON,CODE)

      Value  Global                              Global Defined In Module
      -----  --------------------------------   ------------------------
C:   00000015  __mcs51_genXINIT                   

ASxxxx Linker V03.00 + NoICE + sdld,  page 14.
Hexadecimal  [32-Bits]

Area                                    Addr        Size        Decimal Bytes (Attributes)
--------------------------------        ----        ----        ------- ----- ------------
GSINIT4                             00000037    0000002A =          42. bytes (REL,CON,CODE)

      Value  Global                              Global Defined In Module
      -----  --------------------------------   ------------------------
C:   00000037  __mcs51_genRAMCLEAR                
C:   0000003D  __mcs51_genXRAMCLEAR               

ASxxxx Linker V03.00 + NoICE + sdld,  page 15.
Hexadecimal  [32-Bits]

Area                                    Addr        Size        Decimal Bytes (Attributes)
--------------------------------        ----        ----        ------- ----- ------------
GSFINAL                             00000061    00000003 =           3. bytes (REL,CON,CODE)

      Value  Global                              Global Defined In Module
      -----  --------------------------------   ------------------------
ASxxxx Linker V03.00 + NoICE + sdld,  page 16.
Hexadecimal  [32-Bits]

Area                                    Addr        Size        Decimal Bytes (Attributes)
--------------------------------        ----        ----        ------- ----- ------------
CSEG                                00000064    000016F8 =        5880. bytes (REL,CON,CODE)

      Value  Global                              Global Defined In Module
      -----  --------------------------------   ------------------------
C:   00000064  _delay                             main
C:   000000A6  _InitUartComm                      main
C:   000000B5  _uartTransmit                      main
C:   000000BE  _uartReceiver                      main
C:   000000C7  _key_init                          main
C:   000000CB  _get_key                           main
C:   0000012B  _translateKeyCode                  main
C:   0000014F  _lcdBegin                          main
C:   0000017F  _writeLcd                          main
C:   000001BF  _commandLcd                        main
C:   000001C7  _displayCharLcd                    main
C:   000001CF  _displayStringLcd                  main
C:   000001FA  _DisplayIntegerLcd                 main
C:   00000274  _setCursorLcd                      main
C:   000002B7  _IsBussy                           main
C:   000002CC  _clearLcdScreen                    main
C:   000002D5  _home                              main
C:   000002DB  _CursorOff                         main
C:   000002E1  _CursorOn                          main
C:   000002E7  _BlinkOff                          main
C:   000002ED  _BlinkOn                           main
C:   000002F3  _MoveLeft                          main
C:   000002F9  _MoveRight                         main
C:   000002FF  _ReadFromLcd                       main
C:   00000342  _ReadValueFrom                     main
C:   000003F5  _CharToInt                         main
C:   00000407  _SplashScreenWindow                main
C:   0000052B  _CustomCharData                    main
C:   0000057C  _itwocStart                        main
C:   00000590  _itwocStop                         main
C:   000005A2  _itwocAck                          main
C:   000005AD  _itwocNoAck                        main
C:   000005B8  _itwocClock                        main
C:   000005C3  _itwocSendByte                     main
C:   000005FF  _itwocGetByte                      main
C:   0000062A  _itwocDelay                        main
C:   00000634  _itwocIsACK                        main
C:   00000648  _eepromStart                       main
C:   00000657  _eepromStop                        main
C:   00000666  _eepromAck                         main
C:   00000672  _eepromNoAck                       main
C:   0000067D  _eepromClock                       main
C:   0000068D  __nop_                             main
C:   0000068F  _eepromWriteTo                     main
C:   000006BE  _eepromReadFrom                    main
C:   000006FF  _eepromSendByte                    main
C:   00000729  _eepromReadByte                    main
C:   00000749  _eepromReset                       main
C:   0000076E  _showRtcDateDay                    main
C:   00000795  _showRtc                           main
ASxxxx Linker V03.00 + NoICE + sdld,  page 17.
Hexadecimal  [32-Bits]

Area                                    Addr        Size        Decimal Bytes (Attributes)
--------------------------------        ----        ----        ------- ----- ------------
CSEG                                00000064    000016F8 =        5880. bytes (REL,CON,CODE)

      Value  Global                              Global Defined In Module
      -----  --------------------------------   ------------------------
C:   000007FB  _startRtc                          main
C:   000007FE  _rtcSendData                       main
C:   00000801  _rtcAck                            main
C:   00000804  _rtcStop                           main
C:   00000807  _rtcReceive                        main
C:   0000080A  _rtcNoAck                          main
C:   0000080D  _iicClock                          main
C:   00000810  _iicDelay                          main
C:   00000813  _RTC_get                           main
C:   00000845  _RTC_settime                       main
C:   000008A7  _RTC_setdate                       main
C:   0000090F  _RTC_sendToDisplay                 main
C:   00000930  _showScreenKeypad                  main
C:   00000A4D  _handleScreenKeypadLoop            main
C:   00000DA7  _getKeyHit                         main
C:   00000DB3  _ecs_MainMenu                      main
C:   00000E99  _SettingActivity                   main
C:   000014BD  _syncScreenActivity                main
C:   00001568  _dataEntrySession                  main
C:   000015F4  _main                              main
C:   0000163B  __divuint                          _divuint
C:   00001664  __mulint                           _mulint
C:   00001664  __mulint_dummy                     _mulint
C:   00001681  __moduint                          _moduint
C:   000016CE  __gptrget                          _gptrget
C:   000016EA  __modsint                          _modsint
C:   00001720  __divsint                          _divsint
C:   00001758  __sdcc_external_startup            _startup
ASxxxx Linker V03.00 + NoICE + sdld,  page 18.
Hexadecimal  [32-Bits]

Area                                    Addr        Size        Decimal Bytes (Attributes)
--------------------------------        ----        ----        ------- ----- ------------
CONST                               0000175C    00000133 =         307. bytes (REL,CON,CODE)

      Value  Global                              Global Defined In Module
      -----  --------------------------------   ------------------------
C:   0000175C  _cgram_Character_Slot              main

ASxxxx Linker V03.00 + NoICE + sdld,  page 19.

Files Linked                              [ module(s) ]

main.rel                                  [  ]


Libraries Linked                          [ object file ]

C:\Program Files\SDCC\bin\..\lib\small/libint.lib
                                          [ _divuint.rel ]
C:\Program Files\SDCC\bin\..\lib\small/mcs51.lib
                                          [ crtclear.rel ]
C:\Program Files\SDCC\bin\..\lib\small/mcs51.lib
                                          [ crtxinit.rel ]
C:\Program Files\SDCC\bin\..\lib\small/libint.lib
                                          [ _mulint.rel ]
C:\Program Files\SDCC\bin\..\lib\small/libint.lib
                                          [ _moduint.rel ]
C:\Program Files\SDCC\bin\..\lib\small/mcs51.lib
                                          [ crtxclear.rel ]
C:\Program Files\SDCC\bin\..\lib\small/mcs51.lib
                                          [ crtpagesfr.rel ]
C:\Program Files\SDCC\bin\..\lib\small/mcs51.lib
                                          [ crtstart.rel ]
C:\Program Files\SDCC\bin\..\lib\small/libsdcc.lib
                                          [ _gptrget.rel ]
C:\Program Files\SDCC\bin\..\lib\small/libint.lib
                                          [ _modsint.rel ]
C:\Program Files\SDCC\bin\..\lib\small/libint.lib
                                          [ _divsint.rel ]
C:\Program Files\SDCC\bin\..\lib\small/libsdcc.lib
                                          [ _startup.rel ]

ASxxxx Linker V03.00 + NoICE + sdld,  page 20.

User Base Address Definitions

HOME = 0x0000
ISEG = 0x0000
BSEG = 0x0000

